services/supabase/characters.ts(129,32): error TS2339: Property 'published_at' does not exist on type 'never'.
services/supabase/worlds.ts(130,28): error TS2339: Property 'published_at' does not exist on type 'never'.
